// Jest Snapshot v1, https://goo.gl/fbAQLP

exports[`ResumePDF renders correctly 1`] = `
<PDFViewer
  css={
    Object {
      "map": undefined,
      "name": "dts0fx",
      "next": undefined,
      "styles": "
        width: 100%;
        height: 100%;
        background-color: white;
        overflow-x: hidden;
        overflow-y: hidden;
        margin-bottom: 0;
        border: none;
      ",
    }
  }
>
  <Document
    data="dataTest"
  />
</PDFViewer>
`;
