// Jest Snapshot v1, https://goo.gl/fbAQLP

exports[`ResumePage renders correctly 1`] = `
<Fragment>
  <SEO
    title="Résumé"
  />
  <ResumePDF />
</Fragment>
`;
