// Jest Snapshot v1, https://goo.gl/fbAQLP

exports[`FAIcon renders correctly 1`] = `
<Text
  style={
    Array [
      Object {
        "fontFamily": "Font Awesome 5 Free",
      },
      Object {
        "fontWeight": 400,
      },
    ]
  }
>
  ïƒ 
</Text>
`;
