// Jest Snapshot v1, https://goo.gl/fbAQLP

exports[`hastToPDF transforms hast to react-pdf jsx 1`] = `
Snapshot Diff:
Compared values have no visual difference.
`;

exports[`hastToPDF transforms hast to react-pdf jsx 2`] = `
Snapshot Diff:
Compared values have no visual difference.
`;
